
Memory Configuration

Name             Origin             Length             Attributes
*default*        0x0000000000000000 0xffffffffffffffff

Linker script and memory map

LOAD bootloader
                [!provide]                        PROVIDE (__executable_start, SEGMENT_START ("text-segment", 0x8000))
                0x0000000000008000                . = SEGMENT_START ("text-segment", 0x8000)

.interp
 *(.interp)

.note.gnu.build-id
 *(.note.gnu.build-id)

.hash
 *(.hash)

.gnu.hash
 *(.gnu.hash)

.dynsym
 *(.dynsym)

.dynstr
 *(.dynstr)

.gnu.version
 *(.gnu.version)

.gnu.version_d
 *(.gnu.version_d)

.gnu.version_r
 *(.gnu.version_r)

.rel.dyn        0x0000000000008000        0x0
 *(.rel.init)
 *(.rel.text .rel.text.* .rel.gnu.linkonce.t.*)
 *(.rel.fini)
 *(.rel.rodata .rel.rodata.* .rel.gnu.linkonce.r.*)
 *(.rel.data.rel.ro .rel.data.rel.ro.* .rel.gnu.linkonce.d.rel.ro.*)
 *(.rel.data .rel.data.* .rel.gnu.linkonce.d.*)
 *(.rel.tdata .rel.tdata.* .rel.gnu.linkonce.td.*)
 *(.rel.tbss .rel.tbss.* .rel.gnu.linkonce.tb.*)
 *(.rel.ctors)
 *(.rel.dtors)
 *(.rel.got)
 *(.rel.bss .rel.bss.* .rel.gnu.linkonce.b.*)
                [!provide]                        PROVIDE (__rel_iplt_start, .)
 *(.rel.iplt)
                [!provide]                        PROVIDE (__rel_iplt_end, .)

.rela.dyn       0x0000000000008000        0x0
 *(.rela.init)
 *(.rela.text .rela.text.* .rela.gnu.linkonce.t.*)
 *(.rela.fini)
 *(.rela.rodata .rela.rodata.* .rela.gnu.linkonce.r.*)
 *(.rela.data .rela.data.* .rela.gnu.linkonce.d.*)
 *(.rela.tdata .rela.tdata.* .rela.gnu.linkonce.td.*)
 *(.rela.tbss .rela.tbss.* .rela.gnu.linkonce.tb.*)
 *(.rela.ctors)
 *(.rela.dtors)
 *(.rela.got)
 *(.rela.bss .rela.bss.* .rela.gnu.linkonce.b.*)
                [!provide]                        PROVIDE (__rela_iplt_start, .)
 *(.rela.iplt)
                [!provide]                        PROVIDE (__rela_iplt_end, .)

.rel.plt
 *(.rel.plt)

.rela.plt
 *(.rela.plt)

.init
 *(SORT(.init))

.plt
 *(.plt)

.iplt
 *(.iplt)

.text           0x0000000000008000     0x5378
 *(.text.unlikely .text.*_unlikely .text.unlikely.*)
 *(.text.exit .text.exit.*)
 *(.text.startup .text.startup.*)
 *(.text.hot .text.hot.*)
 *(.text .stub .text.* .gnu.linkonce.t.*)
 .text          0x0000000000008000     0x5378 bootloader
                0x0000000000008000                vector_table
                0x0000000000008684                sys_tick_handler
                0x0000000000008694                main
                0x0000000000008754                Canvas::show()
                0x0000000000008760                Canvas::fill()
                0x0000000000008778                Canvas::drawBitmap1bit(int, int, int, int, unsigned char const*)
                0x00000000000087f0                Canvas::drawText(int, int, char const*)
                0x000000000000885c                Console::init()
                0x00000000000088d0                Console::deinit()
                0x00000000000088f8                Console::send(char)
                0x0000000000008914                Console::write(char)
                0x000000000000892c                Console::write(char const*, unsigned int)
                0x0000000000008950                printf
                0x00000000000089a4                Encoder::init()
                0x00000000000089dc                Encoder::deinit()
                0x00000000000089f4                Encoder::process()
                0x0000000000008aa0                Encoder::reset()
                0x0000000000008ac0                Encoder::pressed()
                0x0000000000008ad4                Encoder::value()
                0x0000000000008ae8                disk_initialize
                0x0000000000008b04                disk_status
                0x0000000000008b14                disk_read
                0x0000000000008b7e                Lcd::deinit()
                0x0000000000008ba4                Lcd::sendCmd(unsigned char)
                0x0000000000008bcc                Lcd::sendData(unsigned char)
                0x0000000000008bf4                Lcd::initialize()
                0x0000000000008c2c                Lcd::init()
                0x0000000000008d04                Lcd::setColAddr(unsigned char, unsigned char)
                0x0000000000008d20                Lcd::setRowAddr(unsigned char, unsigned char)
                0x0000000000008d3c                Lcd::setWrite()
                0x0000000000008d42                Lcd::draw(unsigned char*)
                0x00000000000094fc                MD5_Init(MD5_CTX*)
                0x0000000000009528                MD5_Update(MD5_CTX*, void const*, unsigned long)
                0x00000000000095a4                MD5_Final(unsigned char*, MD5_CTX*)
                0x000000000000967e                SdCard::deinit()
                0x00000000000096c4                SdCard::powerOn()
                0x00000000000096e4                SdCard::powerOff()
                0x00000000000096f8                SdCard::init()
                0x0000000000009788                SdCard::sendCommand(unsigned long, unsigned long)
                0x00000000000097c8                SdCard::commandResult()
                0x000000000000981c                SdCard::sendCommandWait(unsigned long, unsigned long)
                0x000000000000982c                SdCard::sendCommandRetry(unsigned long, unsigned long, int)
                0x000000000000984c                SdCard::sendAppCommand(unsigned long, unsigned long, int)
                0x0000000000009890                SdCard::initCard()
                0x00000000000099cc                SdCard::waitDataReady()
                0x0000000000009a08                SdCard::available()
                0x0000000000009a28                SdCard::readBlock(unsigned long, void*)
                0x0000000000009b8c                SdCard::read(unsigned char*, unsigned long, unsigned char)
                0x0000000000009bb0                System::init()
                0x0000000000009bbc                System::deinit()
                0x0000000000009bbe                System::reset()
                0x0000000000009bc4                System::startSysTick()
                0x0000000000009be4                System::stopSysTick()
                0x0000000000009bf4                UpdateFile::rewind(char*, unsigned int)
                0x0000000000009c20                UpdateFile::open(VersionTag&, unsigned int&, unsigned char*, char*, unsigned int)
                0x0000000000009d08                UpdateFile::read(void*, unsigned int, char*, unsigned int)
                0x0000000000009da0                stbsp_vsprintfcb
                0x000000000000a814                stbsp_vsnprintf
                0x000000000000a85c                stbsp_snprintf
                0x000000000000af64                f_mount
                0x000000000000afac                f_open
                0x000000000000b02e                f_read
                0x000000000000b14a                f_lseek
                0x000000000000b218                f_stat
                0x000000000000b25c                rcc_is_osc_ready
                0x000000000000b2b8                rcc_wait_for_osc_ready
                0x000000000000b2c8                rcc_osc_on
                0x000000000000b320                rcc_osc_off
                0x000000000000b378                rcc_set_sysclk_source
                0x000000000000b38c                rcc_set_ppre2
                0x000000000000b3a0                rcc_set_ppre1
                0x000000000000b3b4                rcc_set_hpre
                0x000000000000b3c8                rcc_set_main_pll_hse
                0x000000000000b40c                rcc_clock_setup_hse_3v3
                0x000000000000b4b8                dma_stream_reset
                0x000000000000b504                dma_get_interrupt_flag
                0x000000000000b52c                dma_set_transfer_mode
                0x000000000000b54e                dma_set_priority
                0x000000000000b566                dma_set_memory_size
                0x000000000000b57e                dma_set_peripheral_size
                0x000000000000b596                dma_enable_memory_increment_mode
                0x000000000000b5a8                dma_disable_peripheral_increment_mode
                0x000000000000b5ba                dma_channel_select
                0x000000000000b5ca                dma_set_memory_burst
                0x000000000000b5de                dma_set_peripheral_burst
                0x000000000000b5f2                dma_disable_double_buffer_mode
                0x000000000000b604                dma_set_peripheral_flow_control
                0x000000000000b616                dma_enable_fifo_mode
                0x000000000000b628                dma_set_fifo_threshold
                0x000000000000b63c                dma_enable_stream
                0x000000000000b64e                dma_set_peripheral_address
                0x000000000000b65e                dma_set_memory_address
                0x000000000000b678                dma_set_number_of_data
                0x000000000000b684                gpio_set
                0x000000000000b688                gpio_clear
                0x000000000000b68e                gpio_get
                0x000000000000b694                gpio_mode_setup
                0x000000000000b6d8                gpio_set_output_options
                0x000000000000b70e                gpio_set_af
                0x000000000000b768                iwdg_start
                0x000000000000b778                spi_reset
                0x000000000000b7d8                spi_enable
                0x000000000000b7e2                spi_send
                0x000000000000b7ec                spi_init_master
                0x000000000000b814                usart_set_baudrate
                0x000000000000b844                usart_set_databits
                0x000000000000b856                usart_set_stopbits
                0x000000000000b862                usart_set_parity
                0x000000000000b86e                usart_set_mode
                0x000000000000b87a                usart_set_flow_control
                0x000000000000b886                usart_enable
                0x000000000000b890                usart_send
                0x000000000000b898                usart_wait_send_ready
                0x000000000000b8a0                flash_set_ws
                0x000000000000b8b4                flash_unlock
                0x000000000000b8d8                flash_lock
                0x000000000000b8e8                flash_wait_for_last_operation
                0x000000000000b910                flash_program_word
                0x000000000000b940                flash_erase_sector
                0x000000000000b990                rcc_periph_clock_enable
                0x000000000000b9aa                rcc_periph_clock_disable
                0x000000000000b9c8                rcc_periph_reset_pulse
                0x000000000000b9ea                rcc_periph_reset_release
                0x000000000000ba08                can1_rx0_isr
                0x000000000000ba08                dma2_stream1_isr
                0x000000000000ba08                tim8_brk_tim12_isr
                0x000000000000ba08                dma1_stream7_isr
                0x000000000000ba08                usart3_isr
                0x000000000000ba08                tim7_isr
                0x000000000000ba08                dma2d_isr
                0x000000000000ba08                uart8_isr
                0x000000000000ba08                dma1_stream2_isr
                0x000000000000ba08                otg_hs_isr
                0x000000000000ba08                blocking_handler
                0x000000000000ba08                tim5_isr
                0x000000000000ba08                rtc_wkup_isr
                0x000000000000ba08                otg_fs_isr
                0x000000000000ba08                spi1_isr
                0x000000000000ba08                i2c3_er_isr
                0x000000000000ba08                exti2_isr
                0x000000000000ba08                spi5_isr
                0x000000000000ba08                usb_fs_wkup_isr
                0x000000000000ba08                tamp_stamp_isr
                0x000000000000ba08                can1_rx1_isr
                0x000000000000ba08                dma2_stream0_isr
                0x000000000000ba08                usart1_isr
                0x000000000000ba08                i2c3_ev_isr
                0x000000000000ba08                usage_fault_handler
                0x000000000000ba08                can2_rx0_isr
                0x000000000000ba08                dma1_stream6_isr
                0x000000000000ba08                can2_rx1_isr
                0x000000000000ba08                can1_sce_isr
                0x000000000000ba08                tim1_cc_isr
                0x000000000000ba08                can1_tx_isr
                0x000000000000ba08                tim1_up_tim10_isr
                0x000000000000ba08                sdio_isr
                0x000000000000ba08                eth_isr
                0x000000000000ba08                spi6_isr
                0x000000000000ba08                dma2_stream5_isr
                0x000000000000ba08                pvd_isr
                0x000000000000ba08                rcc_isr
                0x000000000000ba08                dma2_stream3_isr
                0x000000000000ba08                flash_isr
                0x000000000000ba08                uart4_isr
                0x000000000000ba08                lcd_tft_isr
                0x000000000000ba08                rtc_alarm_isr
                0x000000000000ba08                exti15_10_isr
                0x000000000000ba08                hash_rng_isr
                0x000000000000ba08                tim1_trg_com_tim11_isr
                0x000000000000ba08                hard_fault_handler
                0x000000000000ba08                exti1_isr
                0x000000000000ba08                i2c1_ev_isr
                0x000000000000ba08                usart6_isr
                0x000000000000ba08                spi2_isr
                0x000000000000ba08                cryp_isr
                0x000000000000ba08                nvic_wwdg_isr
                0x000000000000ba08                dma1_stream1_isr
                0x000000000000ba08                dma2_stream4_isr
                0x000000000000ba08                exti3_isr
                0x000000000000ba08                tim3_isr
                0x000000000000ba08                usart2_isr
                0x000000000000ba08                sai1_isr
                0x000000000000ba08                fpu_isr
                0x000000000000ba08                dma1_stream4_isr
                0x000000000000ba08                i2c2_er_isr
                0x000000000000ba08                i2c2_ev_isr
                0x000000000000ba08                uart5_isr
                0x000000000000ba08                dma2_stream6_isr
                0x000000000000ba08                spi4_isr
                0x000000000000ba08                adc_isr
                0x000000000000ba08                dma2_stream7_isr
                0x000000000000ba08                tim8_up_tim13_isr
                0x000000000000ba08                fsmc_isr
                0x000000000000ba08                exti4_isr
                0x000000000000ba08                tim6_dac_isr
                0x000000000000ba08                dma1_stream3_isr
                0x000000000000ba08                tim8_trg_com_tim14_isr
                0x000000000000ba08                mem_manage_handler
                0x000000000000ba08                lcd_tft_err_isr
                0x000000000000ba08                can2_tx_isr
                0x000000000000ba08                exti9_5_isr
                0x000000000000ba08                tim1_brk_tim9_isr
                0x000000000000ba08                uart7_isr
                0x000000000000ba08                can2_sce_isr
                0x000000000000ba08                tim4_isr
                0x000000000000ba08                otg_hs_wkup_isr
                0x000000000000ba08                i2c1_er_isr
                0x000000000000ba08                dma1_stream0_isr
                0x000000000000ba08                tim8_cc_isr
                0x000000000000ba08                dcmi_isr
                0x000000000000ba08                dma2_stream2_isr
                0x000000000000ba08                eth_wkup_isr
                0x000000000000ba08                bus_fault_handler
                0x000000000000ba08                otg_hs_ep1_out_isr
                0x000000000000ba08                spi3_isr
                0x000000000000ba08                dma1_stream5_isr
                0x000000000000ba08                otg_hs_ep1_in_isr
                0x000000000000ba08                tim2_isr
                0x000000000000ba08                exti0_isr
                0x000000000000ba0a                nmi_handler
                0x000000000000ba0a                null_handler
                0x000000000000ba0a                pend_sv_handler
                0x000000000000ba0a                sv_call_handler
                0x000000000000ba0a                debug_monitor_handler
                0x000000000000ba0c                reset_handler
                0x000000000000baa4                systick_set_reload
                0x000000000000bab4                systick_set_clocksource
                0x000000000000bacc                systick_interrupt_enable
                0x000000000000badc                systick_interrupt_disable
                0x000000000000baec                systick_counter_enable
                0x000000000000bafc                systick_counter_disable
                0x000000000000bb0c                pwr_set_vos_scale
                0x000000000000bb2c                __aeabi_uldivmod
                0x000000000000bb5c                __udivmoddi4
                0x000000000000c0dc                _Unwind_GetCFA
                0x000000000000c0e0                __gnu_Unwind_RaiseException
                0x000000000000c140                __gnu_Unwind_ForcedUnwind
                0x000000000000c154                __gnu_Unwind_Resume
                0x000000000000c198                __gnu_Unwind_Resume_or_Rethrow
                0x000000000000c1a8                _Unwind_Complete
                0x000000000000c1ac                _Unwind_DeleteException
                0x000000000000c1b8                _Unwind_VRS_Get
                0x000000000000c1fc                _Unwind_VRS_Set
                0x000000000000c244                __gnu_Unwind_Backtrace
                0x000000000000c588                __aeabi_unwind_cpp_pr0
                0x000000000000c58c                __aeabi_unwind_cpp_pr1
                0x000000000000c590                __aeabi_unwind_cpp_pr2
                0x000000000000c594                _Unwind_VRS_Pop
                0x000000000000c814                __restore_core_regs
                0x000000000000c814                restore_core_regs
                0x000000000000c82c                __gnu_Unwind_Restore_VFP
                0x000000000000c834                __gnu_Unwind_Save_VFP
                0x000000000000c83c                __gnu_Unwind_Restore_VFP_D
                0x000000000000c844                __gnu_Unwind_Save_VFP_D
                0x000000000000c84c                __gnu_Unwind_Restore_VFP_D_16_to_31
                0x000000000000c854                __gnu_Unwind_Save_VFP_D_16_to_31
                0x000000000000c85c                __gnu_Unwind_Restore_WMMXD
                0x000000000000c8a0                __gnu_Unwind_Save_WMMXD
                0x000000000000c8e4                __gnu_Unwind_Restore_WMMXC
                0x000000000000c8f8                __gnu_Unwind_Save_WMMXC
                0x000000000000c90c                _Unwind_RaiseException
                0x000000000000c90c                ___Unwind_RaiseException
                0x000000000000c930                ___Unwind_Resume
                0x000000000000c930                _Unwind_Resume
                0x000000000000c954                ___Unwind_Resume_or_Rethrow
                0x000000000000c954                _Unwind_Resume_or_Rethrow
                0x000000000000c978                ___Unwind_ForcedUnwind
                0x000000000000c978                _Unwind_ForcedUnwind
                0x000000000000c99c                _Unwind_Backtrace
                0x000000000000c99c                ___Unwind_Backtrace
                0x000000000000ca18                __gnu_unwind_execute
                0x000000000000ccdc                __gnu_unwind_frame
                0x000000000000cd04                _Unwind_GetRegionStart
                0x000000000000cd10                _Unwind_GetLanguageSpecificData
                0x000000000000cd24                _Unwind_GetDataRelBase
                0x000000000000cd2c                _Unwind_GetTextRelBase
                0x000000000000cd34                __aeabi_idiv0
                0x000000000000cd34                __aeabi_ldiv0
                0x000000000000cd38                abort
                0x000000000000cd46                memcmp
                0x000000000000cd64                memcpy
                0x000000000000cd7a                memset
                0x000000000000cd8a                _raise_r
                0x000000000000cddc                raise
                0x000000000000cdec                _kill_r
                0x000000000000ce10                _getpid_r
                0x000000000000ce14                _getpid
                0x000000000000ce24                _kill
                0x000000000000ce34                _exit
                0x000000000000d308                rcc_hse_8mhz_3v3
 *(.gnu.warning)
 *(.glue_7t)
 .glue_7t       0x000000000000d378        0x0 linker stubs
 *(.glue_7)
 .glue_7        0x000000000000d378        0x0 linker stubs
 *(.vfp11_veneer)
 .vfp11_veneer  0x000000000000d378        0x0 linker stubs
 *(.v4_bx)
 .v4_bx         0x000000000000d378        0x0 linker stubs

.fini
 *(SORT(.fini))
                [!provide]                        PROVIDE (__etext, .)
                [!provide]                        PROVIDE (_etext, .)
                [!provide]                        PROVIDE (etext, .)

.rodata
 *(.rodata .rodata.* .gnu.linkonce.r.*)

.rodata1
 *(.rodata1)

.ARM.extab      0x000000000000d378       0x9c
 *(.ARM.extab* .gnu.linkonce.armextab.*)
 .ARM.extab     0x000000000000d378       0x9c bootloader
                [!provide]                        PROVIDE (__exidx_start, .)

.ARM.exidx      0x000000000000d414      0x218
 *(.ARM.exidx* .gnu.linkonce.armexidx.*)
 .ARM.exidx     0x000000000000d414      0x218 bootloader
                0x000000000000d414                __exidx_start
                0x000000000000d62c                __exidx_end
                [!provide]                        PROVIDE (__exidx_end, .)

.eh_frame_hdr
 *(.eh_frame_hdr)
 *(.eh_frame_entry .eh_frame_entry.*)

.eh_frame
 *(.eh_frame)
 *(.eh_frame.*)

.gcc_except_table
 *(.gcc_except_table .gcc_except_table.*)

.gnu_extab
 *(.gnu_extab*)

.exception_ranges
 *(.exception_ranges .exception_ranges*)
                0x000000000001d62c                . = (ALIGN (CONSTANT (MAXPAGESIZE)) + (. & (CONSTANT (MAXPAGESIZE) - 0x1)))

.eh_frame
 *(.eh_frame)
 *(.eh_frame.*)

.gnu_extab
 *(.gnu_extab)

.gcc_except_table
 *(.gcc_except_table .gcc_except_table.*)

.exception_ranges
 *(.exception_ranges .exception_ranges*)

.tdata
 *(.tdata .tdata.* .gnu.linkonce.td.*)

.tbss
 *(.tbss .tbss.* .gnu.linkonce.tb.*)
 *(.tcommon)

.preinit_array  0x000000000001d62c        0x0
                [!provide]                        PROVIDE (__preinit_array_start, .)
 *(.preinit_array)
 .preinit_array
                0x000000000001d62c        0x0 bootloader
                0x000000000001d62c                __preinit_array_end
                0x000000000001d62c                __preinit_array_start
                [!provide]                        PROVIDE (__preinit_array_end, .)

.init_array     0x000000000001d62c        0x0
                [!provide]                        PROVIDE (__init_array_start, .)
 *(SORT(.init_array.*) SORT(.ctors.*))
 *(.init_array EXCLUDE_FILE(*crtend?.o *crtend.o *crtbegin?.o *crtbegin.o) .ctors)
 .init_array    0x000000000001d62c        0x0 bootloader
                0x000000000001d62c                __init_array_end
                0x000000000001d62c                __init_array_start
                [!provide]                        PROVIDE (__init_array_end, .)

.fini_array     0x000000000001d62c        0x0
                [!provide]                        PROVIDE (__fini_array_start, .)
 *(SORT(.fini_array.*) SORT(.dtors.*))
 *(.fini_array EXCLUDE_FILE(*crtend?.o *crtend.o *crtbegin?.o *crtbegin.o) .dtors)
 .fini_array    0x000000000001d62c        0x0 bootloader
                0x000000000001d62c                __fini_array_end
                0x000000000001d62c                __fini_array_start
                [!provide]                        PROVIDE (__fini_array_end, .)

.ctors
 *crtbegin.o(.ctors)
 *crtbegin?.o(.ctors)
 *(EXCLUDE_FILE(*crtend?.o *crtend.o) .ctors)
 *(SORT(.ctors.*))
 *(.ctors)

.dtors
 *crtbegin.o(.dtors)
 *crtbegin?.o(.dtors)
 *(EXCLUDE_FILE(*crtend?.o *crtend.o) .dtors)
 *(SORT(.dtors.*))
 *(.dtors)

.jcr
 *(.jcr)

.data.rel.ro
 *(.data.rel.ro.local* .gnu.linkonce.d.rel.ro.local.*)
 *(.data.rel.ro .data.rel.ro.* .gnu.linkonce.d.rel.ro.*)

.dynamic
 *(.dynamic)

.got
 *(.got.plt)
 *(.igot.plt)
 *(.got)
 *(.igot)

.data           0x000000000001d62c      0x5d8
                0x000000000001d62c                __data_start = .
 *(.data .data.* .gnu.linkonce.d.*)
 .data          0x000000000001d62c      0x5d8 bootloader
                0x000000000001d62c                _data
                0x000000000001db94                rcc_ahb_frequency
                0x000000000001db98                rcc_apb1_frequency
                0x000000000001db9c                rcc_apb2_frequency
                0x000000000001dba0                _impure_ptr
                0xffffffffe8022c58                _etext

.data1
 *(.data1)
                0x000000000001dc04                _edata = .
                [!provide]                        PROVIDE (edata, .)
                0x000000000001dc04                . = .
                0x000000000001dc04                __bss_start = .
                0x000000000001dc04                __bss_start__ = .

.bss            0x000000000001dc04     0x4470
 *(.dynbss)
 *(.bss .bss.* .gnu.linkonce.b.*)
 .bss           0x000000000001dc04     0x4470 bootloader
                0x000000000001dc04                Canvas::_frameBuffer
                0x0000000000021c04                Canvas::_color
                0x0000000000021c0b                Encoder::_down
                0x0000000000021c0c                Encoder::_value
                0x0000000000021c10                Encoder::_pressed
                0x0000000000021c11                Encoder::_released
                0x0000000000021c12                SdCard::_initialized
                0x0000000000021c14                SdCard::_cardInfo
                0x0000000000021c1c                System::_ticks
                0x0000000000022070                errno
                0x0000000000022074                end
                0x0000000000022074                _ebss
 *(COMMON)
                0x0000000000022074                . = ALIGN ((. != 0x0)?0x4:0x1)
                0x0000000000022074                _bss_end__ = .
                0x0000000000022074                __bss_end__ = .
                0x0000000000022074                . = ALIGN (0x4)
                0x0000000000022074                . = SEGMENT_START ("ldata-segment", .)
                0x0000000000022074                . = ALIGN (0x4)
                0x0000000000022074                __end__ = .
                0x0000000000022074                _end = .
                [!provide]                        PROVIDE (end, .)

.stab
 *(.stab)

.stabstr        0x0000000000000000       0x76
 *(.stabstr)
 .stabstr       0x0000000000000000       0x76 bootloader

.stab.excl
 *(.stab.excl)

.stab.exclstr
 *(.stab.exclstr)

.stab.index
 *(.stab.index)

.stab.indexstr
 *(.stab.indexstr)

.comment        0x0000000000000000       0xfe
 *(.comment)
 .comment       0x0000000000000000       0xfe bootloader

.debug
 *(.debug)

.line
 *(.line)

.debug_srcinfo
 *(.debug_srcinfo)

.debug_sfnames
 *(.debug_sfnames)

.debug_aranges  0x0000000000000000      0xc60
 *(.debug_aranges)
 .debug_aranges
                0x0000000000000000      0xc60 bootloader

.debug_pubnames
 *(.debug_pubnames)

.debug_info     0x0000000000000000    0x17fb4
 *(.debug_info .gnu.linkonce.wi.*)
 .debug_info    0x0000000000000000    0x17fb4 bootloader

.debug_abbrev   0x0000000000000000     0x4574
 *(.debug_abbrev)
 .debug_abbrev  0x0000000000000000     0x4574 bootloader

.debug_line     0x0000000000000000     0x7d37
 *(.debug_line .debug_line.* .debug_line_end)
 .debug_line    0x0000000000000000     0x7d37 bootloader

.debug_frame    0x0000000000000000     0x1cf8
 *(.debug_frame)
 .debug_frame   0x0000000000000000     0x1cf8 bootloader

.debug_str      0x0000000000000000    0x14b2d
 *(.debug_str)
 .debug_str     0x0000000000000000    0x14b2d bootloader

.debug_loc      0x0000000000000000     0x7d58
 *(.debug_loc)
 .debug_loc     0x0000000000000000     0x7d58 bootloader

.debug_macinfo
 *(.debug_macinfo)

.debug_weaknames
 *(.debug_weaknames)

.debug_funcnames
 *(.debug_funcnames)

.debug_typenames
 *(.debug_typenames)

.debug_varnames
 *(.debug_varnames)

.debug_pubtypes
 *(.debug_pubtypes)

.debug_ranges   0x0000000000000000     0x1090
 *(.debug_ranges)
 .debug_ranges  0x0000000000000000     0x1090 bootloader

.debug_macro    0x0000000000000000     0x4547
 *(.debug_macro)
 .debug_macro   0x0000000000000000     0x4547 bootloader

.debug_addr
 *(.debug_addr)

.stack          0x0000000000080000        0x0
                0x0000000000080000                _stack = .
 *(.stack)

.ARM.attributes
                0x0000000000000000       0x39
 *(.ARM.attributes)
 .ARM.attributes
                0x0000000000000000       0x39 bootloader
 *(.gnu.attributes)

.note.gnu.arm.ident
 *(.note.gnu.arm.ident)

/DISCARD/
 *(.note.GNU-stack)
 *(.gnu_debuglink)
 *(.gnu.lto_*)
OUTPUT(bootloader.tmp elf32-littlearm)
